<p>Api link to Akka <span class="group-java"><a href="https://doc.akka.io/japi/akka/2.5/?akka/stream/javadsl/Flow.html" title="akka.stream.javadsl.Flow"><code>Flow</code></a></span><span class="group-scala"><a href="https://doc.akka.io/api/akka/2.5/akka/stream/scaladsl/Flow.html" title="akka.stream.scaladsl.Flow"><code>Flow</code></a></span></p>
