<p>Api link to sub-project <span class="group-scala"><a href="https://localhost:8000/apidoc/LibClass.html" title="apidoc.LibClass"><code>LibClass</code></a></span><span class="group-java"><a href="https://localhost:8000/?apidoc/LibClass.html" title="apidoc.LibClass"><code>LibClass</code></a></span></p>
