<p>Api link to a class that is both in scaladsl and javadsl packages, but has no javadoc configured: <span class="group-java"><a href="akka-stream-scaladoc/akka/stream/javadsl/Flow.html" title="akka.stream.javadsl.Flow"><code>Flow</code></a></span><span class="group-scala"><a href="akka-stream-scaladoc/akka/stream/scaladsl/Flow.html" title="akka.stream.scaladsl.Flow"><code>Flow</code></a></span></p>
<p>Api link to a class that is in common package, but has no javadoc configured <span class="group-scala"><a href="akka-stream-scaladoc/akka/stream/stage/GraphStage.html" title="akka.stream.stage.GraphStage"><code>GraphStage</code></a></span><span class="group-java"><a href="akka-stream-scaladoc/akka/stream/stage/GraphStage.html" title="akka.stream.stage.GraphStage"><code>GraphStage</code></a></span></p>
<p>Api link to a class that is both in scaladsl and javadsl packages, and has javadoc configured: <span class="group-java"><a href="akka-javadoc/?akka/actor/typed/javadsl/Behaviors.html" title="akka.actor.typed.javadsl.Behaviors"><code>Behaviors</code></a></span><span class="group-scala"><a href="akka-scaladoc/akka/actor/typed/scaladsl/Behaviors$.html" title="akka.actor.typed.scaladsl.Behaviors"><code>Behaviors</code></a></span></p>
